/* case19.c */
void badFunc(int *);
int dots_0(int);
int dots_1(int, ...);
int dots_3(int, char, ...);
_FIRST *func1(void);
_FIRST *func2(_FIRST *, int [], float);
int *(func_func)(void);
int main(register, char **);
int veryfunny(char *, long, long);
int program(string [], struct alpha, int, int, int, int);
int junk0(void);
int junk1(void);
int junk2(void);
int junk3(void);
BONG *junk4(void);
extern_junk *foo(void);
void_junk *foo2a(void);
void_junk *foo2(void);
void_junk *foo_void(void_junk);
void (*Sigdisp(int, void (*)(int)))(int);
void (*sigdisp2(int, void (*)(int)))(int);
int (*K_R_INT_ptr(long *, int))(void);
void (*K_R_VOID_ptr(long *, int))(void);
int *K_R_int_ptr(long *, int);
void *K_R_void_ptr(long *, int);
int K_R_int_val(long *, int);
int K_R_int_val2(long *, int);
void K_R_void_val(long *, int);
int K_R_void_val2(long *, int);
