/* case18.c */
void badFunc();
int dots_0();
int dots_1();
int dots_3();
_FIRST *func1();
_FIRST *func2();
int *(func_func)();
int main();
int veryfunny();
int program();
int junk0();
int junk1();
int junk2();
int junk3();
BONG *junk4();
extern_junk *foo();
void_junk *foo2a();
void_junk *foo2();
void_junk *foo_void();
void (*Sigdisp())();
void (*sigdisp2())();
int (*K_R_INT_ptr())();
void (*K_R_VOID_ptr())();
int *K_R_int_ptr();
void *K_R_void_ptr();
int K_R_int_val();
int K_R_int_val2();
void K_R_void_val();
int K_R_void_val2();
