/* case24.c */
void badFunc(int *badStyle);
int dots_0(int p1);
int dots_1(int p1, ...);
int dots_3(int p1, char p2, ...);
_FIRST *func1(void);
_FIRST *func2(_FIRST *p1, int p2[], float p);
int *(func_func)(void);
int main(register argc, char **argv);
int veryfunny(char *a, long b, long c);
int program(string argv[], struct alpha y, int zz, int z1, int z2, int z3);
int junk0(void);
int junk1(void);
int junk2(void);
int junk3(void);
BONG *junk4(void);
extern_junk *foo(void);
void_junk *foo2a(void);
void_junk *foo2(void);
void_junk *foo_void(void_junk void_int);
static void_junk *foo_void2(void);
void (*Sigdisp(int sig, void (*func)(int sig)))(int sig1);
void (*sigdisp2(int sig, void (*func)(int sig)))(int sig2);
int (*K_R_INT_ptr(long *p1, int p2))(void);
void (*K_R_VOID_ptr(long *p1, int p2))(void);
int *K_R_int_ptr(long *p1, int p2);
void *K_R_void_ptr(long *p1, int p2);
int K_R_int_val(long *p1, int p2);
int K_R_int_val2(long *p1, int p2);
void K_R_void_val(long *p1, int p2);
int K_R_void_val2(long *p1, int p2);
int inline inline_func(double x);
static int inline local_inline_func(double x);
